12:19:31 **** Incremental Build of configuration Debug for project 0_test ****
make -j16 all 
arm-none-eabi-gcc -mcpu=cortex-m4 -g3 -DDEBUG -c -x assembler-with-cpp -MMD -MP -MF"Startup/startup_stm32f401retx.d" -MT"Startup/startup_stm32f401retx.o" --specs=nano.specs -mfloat-abi=soft -mthumb -o "Startup/startup_stm32f401retx.o" "../Startup/startup_stm32f401retx.s"
arm-none-eabi-gcc "../Src/main.c" -mcpu=cortex-m4 -std=gnu11 -g3 -DDEBUG -DSTM32F401xE -DNUCLEO_F401RE -DSTM32 -DSTM32F401RETx -DSTM32F4 -c -I../Inc -I"C:/Users/user/Desktop/f401re documents/DSP/0_test/chip_headers/CMSIS/Device/ST/STM32F4xx/Include" -I"C:/Users/user/Desktop/f401re documents/DSP/0_test/chip_headers/CMSIS/Include" -O0 -ffunction-sections -fdata-sections -Wall -fstack-usage -fcyclomatic-complexity -MMD -MP -MF"Src/main.d" -MT"Src/main.o" --specs=nano.specs -mfloat-abi=soft -mthumb -o "Src/main.o"
arm-none-eabi-gcc "../Src/syscalls.c" -mcpu=cortex-m4 -std=gnu11 -g3 -DDEBUG -DSTM32F401xE -DNUCLEO_F401RE -DSTM32 -DSTM32F401RETx -DSTM32F4 -c -I../Inc -I"C:/Users/user/Desktop/f401re documents/DSP/0_test/chip_headers/CMSIS/Device/ST/STM32F4xx/Include" -I"C:/Users/user/Desktop/f401re documents/DSP/0_test/chip_headers/CMSIS/Include" -O0 -ffunction-sections -fdata-sections -Wall -fstack-usage -fcyclomatic-complexity -MMD -MP -MF"Src/syscalls.d" -MT"Src/syscalls.o" --specs=nano.specs -mfloat-abi=soft -mthumb -o "Src/syscalls.o"
arm-none-eabi-gcc "../Src/sysmem.c" -mcpu=cortex-m4 -std=gnu11 -g3 -DDEBUG -DSTM32F401xE -DNUCLEO_F401RE -DSTM32 -DSTM32F401RETx -DSTM32F4 -c -I../Inc -I"C:/Users/user/Desktop/f401re documents/DSP/0_test/chip_headers/CMSIS/Device/ST/STM32F4xx/Include" -I"C:/Users/user/Desktop/f401re documents/DSP/0_test/chip_headers/CMSIS/Include" -O0 -ffunction-sections -fdata-sections -Wall -fstack-usage -fcyclomatic-complexity -MMD -MP -MF"Src/sysmem.d" -MT"Src/sysmem.o" --specs=nano.specs -mfloat-abi=soft -mthumb -o "Src/sysmem.o"
arm-none-eabi-gcc -o "0_test.elf" @"objects.list"   -mcpu=cortex-m4 -T"C:\Users\user\Desktop\f401re documents\DSP\0_test\STM32F401RETX_FLASH.ld" --specs=nosys.specs -Wl,-Map="0_test.map" -Wl,--gc-sections -static --specs=nano.specs -mfloat-abi=soft -mthumb -Wl,--start-group -lc -lm -Wl,--end-group
Finished building target: 0_test.elf
 
arm-none-eabi-size  0_test.elf 
arm-none-eabi-objdump -h -S 0_test.elf  > "0_test.list"
   text	   data	    bss	    dec	    hex	filename
   2024	      0	   1568	   3592	    e08	0_test.elf
Finished building: default.size.stdout
 
Finished building: 0_test.list
 

12:19:31 Build Finished. 0 errors, 0 warnings. (took 398ms)

