14:34:05 **** Incremental Build of configuration Debug for project 15_Background_Thread_for_data_aquisation ****
make -j16 all 
arm-none-eabi-gcc "../Src/signals.c" -mcpu=cortex-m4 -std=gnu11 -g3 -DDEBUG -DARM_MATH_CM4 -D_FPU_PRESENT -DSTM32F401xE -DNUCLEO_F401RE -DSTM32 -DSTM32F401RETx -DSTM32F4 -c -I../Inc -I"C:/Users/user/Desktop/f401re documents/DSP/0_test/chip_headers/CMSIS/Device/ST/STM32F4xx/Include" -I"C:/Users/user/Desktop/f401re documents/DSP/0_test/chip_headers/CMSIS/Include" -I"C:/Users/user/Desktop/f401re documents/DSP/15_Background_Thread_for_data_aquisation/chip_headers/CMSIS/DSP/Include" -O0 -ffunction-sections -fdata-sections -Wall -fstack-usage -fcyclomatic-complexity -MMD -MP -MF"Src/signals.d" -MT"Src/signals.o" --specs=nano.specs -mfpu=fpv4-sp-d16 -mfloat-abi=hard -mthumb -o "Src/signals.o"
arm-none-eabi-gcc -o "15_Background_Thread_for_data_aquisation.elf" @"objects.list"  -larm_cortexM4lf_math -mcpu=cortex-m4 -T"C:\Users\user\Desktop\f401re documents\DSP\15_Background_Thread_for_data_aquisation\STM32F401RETX_FLASH.ld" --specs=nosys.specs -Wl,-Map="15_Background_Thread_for_data_aquisation.map" -Wl,--gc-sections -static -L"C:\Users\user\Desktop\f401re documents\DSP\15_Background_Thread_for_data_aquisation\chip_headers\CMSIS\Lib\GCC" --specs=nano.specs -mfpu=fpv4-sp-d16 -mfloat-abi=hard -mthumb -u _printf_float -Wl,--start-group -lc -lm -Wl,--end-group
Finished building target: 15_Background_Thread_for_data_aquisation.elf
 
arm-none-eabi-size  15_Background_Thread_for_data_aquisation.elf 
arm-none-eabi-objdump -h -S 15_Background_Thread_for_data_aquisation.elf  > "15_Background_Thread_for_data_aquisation.list"
   text	   data	    bss	    dec	    hex	filename
  16728	    924	   5980	  23632	   5c50	15_Background_Thread_for_data_aquisation.elf
Finished building: default.size.stdout
 
Finished building: 15_Background_Thread_for_data_aquisation.list
 

14:34:06 Build Finished. 0 errors, 0 warnings. (took 454ms)

