09:48:48 **** Incremental Build of configuration Debug for project 5_signal_mean_and_variance ****
make -j16 all 
arm-none-eabi-gcc "../Src/main.c" -mcpu=cortex-m4 -std=gnu11 -g3 -DDEBUG -DARM_MATH_CM4 -D_FPU_PRESENT -DSTM32F401xE -DNUCLEO_F401RE -DSTM32 -DSTM32F401RETx -DSTM32F4 -c -I../Inc -I"C:/Users/user/Desktop/f401re documents/DSP/0_test/chip_headers/CMSIS/Device/ST/STM32F4xx/Include" -I"C:/Users/user/Desktop/f401re documents/DSP/0_test/chip_headers/CMSIS/Include" -I"C:/Users/user/Desktop/f401re documents/DSP/5_signal_mean_and_variance/chip_headers/CMSIS/DSP/Include" -O0 -ffunction-sections -fdata-sections -Wall -fstack-usage -fcyclomatic-complexity -MMD -MP -MF"Src/main.d" -MT"Src/main.o" --specs=nano.specs -mfpu=fpv4-sp-d16 -mfloat-abi=hard -mthumb -o "Src/main.o"
arm-none-eabi-gcc -o "5_signal_mean_and_variance.elf" @"objects.list"  -larm_cortexM4lf_math -mcpu=cortex-m4 -T"C:\Users\user\Desktop\f401re documents\DSP\5_signal_mean_and_variance\STM32F401RETX_FLASH.ld" --specs=nosys.specs -Wl,-Map="5_signal_mean_and_variance.map" -Wl,--gc-sections -static -L"C:\Users\user\Desktop\f401re documents\DSP\5_signal_mean_and_variance\chip_headers\CMSIS\Lib\GCC" --specs=nano.specs -mfpu=fpv4-sp-d16 -mfloat-abi=hard -mthumb -u _printf_float -Wl,--start-group -lc -lm -Wl,--end-group
Finished building target: 5_signal_mean_and_variance.elf
 
arm-none-eabi-size  5_signal_mean_and_variance.elf 
arm-none-eabi-objdump -h -S 5_signal_mean_and_variance.elf  > "5_signal_mean_and_variance.list"
   text	   data	    bss	    dec	    hex	filename
  18400	   1752	   1920	  22072	   5638	5_signal_mean_and_variance.elf
Finished building: default.size.stdout
 
Finished building: 5_signal_mean_and_variance.list
 

09:48:49 Build Finished. 0 errors, 0 warnings. (took 502ms)

